refinement target FRAC=0.3 (bisect certified pieces while sup|s'| >= FRAC*w, down to width 1e-6)
checker B -- design design_mu1_a2_c2.5.txt
parsed (hex): mu=0x1p+0 a=0x1p+1 c=0x1.4p+1 XMID=0x1.6dd921e67adabp+1 XSC=0x1.8ca08601caa16p+0
  C = 0x1.7b2827c67b4bcp-2 -0x1.5f6840b61fefdp+0 0x1.9e8952aeef18fp+0 -0x1.a7198b57b5f0dp-2 -0x1.8483c8b82ab1bp-2 0x1.403e8dd15a18bp-3 0x1.6b84d82bc7897p-4 0x1.45b95bdaacaa6p+0 0x1.b7166963ac5e3p+0 
  l0=0x1.5ff0680f22e24p+1 l1=0x1.8268a516501d2p+1 r0=0x1.8d972982e7fbep+1 r1=0x1.d946fa3d63d94p+1 w=0x1.47ae147ae147bp-7
  z' = 1 - x y on N_L (crude hull) = [-4.60976, -3.44092]
  z' = 1 - x y on N_R (crude hull) = [-8.09832, -4.93075]

=== N_L ===
  verdict: PASS
  leaves(certified)=229036 attempts=458040 exceptions(->subdivided)=13 failed_leaves=0 maxDepth=17 minLeafWidth=3.91e-05 time=552.7s
  image X range (union of enclosures) = [2.9574179912376812, 3.9292116240328503]
  s' = Y-p(X) enclosure range = [-2.999999e-03, 2.999966e-03]   sup|s'| <= 2.999999e-03  (w=0.01)
  claim1(N_L): no exception & X>0 with sigma=+1 => every point returns transversally and P_x>0 (no flip)

=== N_R ===
  verdict: PASS
  leaves(certified)=414712 attempts=829360 exceptions(->subdivided)=22 failed_leaves=0 maxDepth=19 minLeafWidth=1.95e-05 time=1028.2s
  image X range (union of enclosures) = [2.6151356055744421, 4.0517126893672062]
  s' = Y-p(X) enclosure range = [-2.999988e-03, 2.999991e-03]   sup|s'| <= 2.999991e-03  (w=0.01)
  claim1(N_R): no exception & X>0 with sigma=-1 => every point returns transversally and P_x<0 (flip)

=== edge_l0 ===
  verdict: PASS
  leaves(certified)=32 attempts=63 exceptions(->subdivided)=0 failed_leaves=0 maxDepth=5 minLeafWidth=0.000625 time=0.1s
  image X range (union of enclosures) = [2.9574401949856766, 2.9938392002093233]
  s' = Y-p(X) enclosure range = [-8.826947e-04, 1.925698e-03]   sup|s'| <= 1.925698e-03  (w=0.01)
  claim3: image of {l0}x[-w,w] has X < r0 = 3.106176

=== edge_l1 ===
  verdict: PASS
  leaves(certified)=222 attempts=443 exceptions(->subdivided)=1 failed_leaves=0 maxDepth=8 minLeafWidth=7.81e-05 time=0.6s
  image X range (union of enclosures) = [3.769688814956901, 3.929314192777646]
  s' = Y-p(X) enclosure range = [-2.345339e-03, 2.987070e-03]   sup|s'| <= 2.987070e-03  (w=0.01)
  claim3: image of {l1}x[-w,w] has X > r1 = 3.697479

=== edge_r0 ===
  verdict: PASS
  leaves(certified)=373 attempts=745 exceptions(->subdivided)=2 failed_leaves=0 maxDepth=9 minLeafWidth=3.91e-05 time=1.0s
  image X range (union of enclosures) = [3.8535100579758792, 4.0517248682227045]
  s' = Y-p(X) enclosure range = [-8.318097e-04, 2.997790e-03]   sup|s'| <= 2.997790e-03  (w=0.01)
  claim3: image of {r0}x[-w,w] has X > r1 = 3.697479

=== edge_r1 ===
  verdict: PASS
  leaves(certified)=8 attempts=15 exceptions(->subdivided)=0 failed_leaves=0 maxDepth=3 minLeafWidth=0.0025 time=0.0s
  image X range (union of enclosures) = [2.6153068042855527, 2.637874252206394]
  s' = Y-p(X) enclosure range = [-9.963921e-04, 2.219717e-03]   sup|s'| <= 2.219717e-03  (w=0.01)
  claim3: image of {r1}x[-w,w] has X < l0 = 2.749524

TOTAL certified leaves=644383 wall=1582.6s threads=12  OVERALL=PASS

real	28m26.288s
user	204m23.323s
sys	1m44.715s
